[global-setup] Starting authentication setup...
[global-setup] auth.json created, setup complete.
{
  "config": {
    "configFile": "D:\\Sanity\\fresh-react-node-project\\playwright.config.js",
    "rootDir": "D:/Sanity/fresh-react-node-project",
    "forbidOnly": false,
    "fullyParallel": false,
    "globalSetup": "D:\\Sanity\\fresh-react-node-project\\global-setup.js",
    "globalTeardown": null,
    "globalTimeout": 0,
    "grep": {},
    "grepInvert": null,
    "maxFailures": 0,
    "metadata": {},
    "preserveOutput": "always",
    "reporter": [
      [
        "json"
      ],
      [
        "html"
      ]
    ],
    "reportSlowTests": {
      "max": 5,
      "threshold": 300000
    },
    "quiet": false,
    "projects": [
      {
        "outputDir": "D:/Sanity/fresh-react-node-project/test-results",
        "repeatEach": 1,
        "retries": 0,
        "metadata": {},
        "id": "chromium",
        "name": "chromium",
        "testDir": "D:/Sanity/fresh-react-node-project",
        "testIgnore": [],
        "testMatch": [
          "**/*.@(spec|test).?(c|m)[jt]s?(x)"
        ],
        "timeout": 30000
      },
      {
        "outputDir": "D:/Sanity/fresh-react-node-project/test-results",
        "repeatEach": 1,
        "retries": 0,
        "metadata": {},
        "id": "firefox",
        "name": "firefox",
        "testDir": "D:/Sanity/fresh-react-node-project",
        "testIgnore": [],
        "testMatch": [
          "**/*.@(spec|test).?(c|m)[jt]s?(x)"
        ],
        "timeout": 30000
      },
      {
        "outputDir": "D:/Sanity/fresh-react-node-project/test-results",
        "repeatEach": 1,
        "retries": 0,
        "metadata": {},
        "id": "webkit",
        "name": "webkit",
        "testDir": "D:/Sanity/fresh-react-node-project",
        "testIgnore": [],
        "testMatch": [
          "**/*.@(spec|test).?(c|m)[jt]s?(x)"
        ],
        "timeout": 30000
      }
    ],
    "shard": null,
    "tags": [],
    "updateSnapshots": "missing",
    "updateSourceMethod": "patch",
    "version": "1.57.0",
    "workers": 6,
    "webServer": null
  },
  "suites": [],
  "errors": [
    {
      "message": "SyntaxError: D:\\Sanity\\fresh-react-node-project\\Pages\\dashboardPage.js: 'import' and 'export' may only appear at the top level. (112:0)\n\n\u001b[0m \u001b[90m 110 |\u001b[39m })\u001b[33m;\u001b[39m\n \u001b[90m 111 |\u001b[39m\n\u001b[31m\u001b[1m>\u001b[22m\u001b[39m\u001b[90m 112 |\u001b[39m \u001b[36mexport\u001b[39m \u001b[36masync\u001b[39m \u001b[36mfunction\u001b[39m searchProject(page\u001b[33m,\u001b[39m projectName) {\n \u001b[90m     |\u001b[39m \u001b[31m\u001b[1m^\u001b[22m\u001b[39m\n \u001b[90m 113 |\u001b[39m   \u001b[36mconst\u001b[39m input \u001b[33m=\u001b[39m page\u001b[33m.\u001b[39mgetByPlaceholder(\u001b[35m/Search projects.../i\u001b[39m)\u001b[33m;\u001b[39m\n \u001b[90m 114 |\u001b[39m   \u001b[36mawait\u001b[39m expect(input)\u001b[33m.\u001b[39mtoBeVisible({ timeout\u001b[33m:\u001b[39m \u001b[35m10000\u001b[39m })\u001b[33m;\u001b[39m\n \u001b[90m 115 |\u001b[39m   \u001b[36mawait\u001b[39m input\u001b[33m.\u001b[39mfill(projectName)\u001b[33m;\u001b[39m\u001b[0m",
      "stack": "SyntaxError: D:\\Sanity\\fresh-react-node-project\\Pages\\dashboardPage.js: 'import' and 'export' may only appear at the top level. (112:0)\n\n\u001b[0m \u001b[90m 110 |\u001b[39m })\u001b[33m;\u001b[39m\n \u001b[90m 111 |\u001b[39m\n\u001b[31m\u001b[1m>\u001b[22m\u001b[39m\u001b[90m 112 |\u001b[39m \u001b[36mexport\u001b[39m \u001b[36masync\u001b[39m \u001b[36mfunction\u001b[39m searchProject(page\u001b[33m,\u001b[39m projectName) {\n \u001b[90m     |\u001b[39m \u001b[31m\u001b[1m^\u001b[22m\u001b[39m\n \u001b[90m 113 |\u001b[39m   \u001b[36mconst\u001b[39m input \u001b[33m=\u001b[39m page\u001b[33m.\u001b[39mgetByPlaceholder(\u001b[35m/Search projects.../i\u001b[39m)\u001b[33m;\u001b[39m\n \u001b[90m 114 |\u001b[39m   \u001b[36mawait\u001b[39m expect(input)\u001b[33m.\u001b[39mtoBeVisible({ timeout\u001b[33m:\u001b[39m \u001b[35m10000\u001b[39m })\u001b[33m;\u001b[39m\n \u001b[90m 115 |\u001b[39m   \u001b[36mawait\u001b[39m input\u001b[33m.\u001b[39mfill(projectName)\u001b[33m;\u001b[39m\u001b[0m",
      "location": {
        "file": "D:\\Sanity\\fresh-react-node-project\\tests\\sanity.spec.mjs",
        "line": 112,
        "column": 0
      },
      "snippet": "\u001b[90m   at \u001b[39mtests\\sanity.spec.mjs:112\n\n\u001b[0m\u001b[0m"
    },
    {
      "message": "Error: No tests found.\nMake sure that arguments are regular expressions matching test files.\nYou may need to escape symbols like \"$\" or \"*\" and quote the arguments.",
      "stack": "Error: No tests found.\nMake sure that arguments are regular expressions matching test files.\nYou may need to escape symbols like \"$\" or \"*\" and quote the arguments."
    }
  ],
  "stats": {
    "startTime": "2026-01-06T09:12:56.327Z",
    "duration": 877.0409999999999,
    "expected": 0,
    "skipped": 0,
    "unexpected": 0,
    "flaky": 0
  }
}
