[global-setup] Starting authentication setup...
[global-setup] auth.json created, setup complete.
{
  "config": {
    "configFile": "D:\\Sanity\\fresh-react-node-project\\playwright.config.js",
    "rootDir": "D:/Sanity/fresh-react-node-project",
    "forbidOnly": false,
    "fullyParallel": false,
    "globalSetup": "D:\\Sanity\\fresh-react-node-project\\global-setup.js",
    "globalTeardown": null,
    "globalTimeout": 0,
    "grep": {},
    "grepInvert": null,
    "maxFailures": 0,
    "metadata": {
      "actualWorkers": 1
    },
    "preserveOutput": "always",
    "reporter": [
      [
        "json"
      ],
      [
        "html"
      ]
    ],
    "reportSlowTests": {
      "max": 5,
      "threshold": 300000
    },
    "quiet": false,
    "projects": [
      {
        "outputDir": "D:/Sanity/fresh-react-node-project/test-results",
        "repeatEach": 1,
        "retries": 0,
        "metadata": {
          "actualWorkers": 1
        },
        "id": "chromium",
        "name": "chromium",
        "testDir": "D:/Sanity/fresh-react-node-project",
        "testIgnore": [],
        "testMatch": [
          "**/*.@(spec|test).?(c|m)[jt]s?(x)"
        ],
        "timeout": 30000
      },
      {
        "outputDir": "D:/Sanity/fresh-react-node-project/test-results",
        "repeatEach": 1,
        "retries": 0,
        "metadata": {
          "actualWorkers": 1
        },
        "id": "firefox",
        "name": "firefox",
        "testDir": "D:/Sanity/fresh-react-node-project",
        "testIgnore": [],
        "testMatch": [
          "**/*.@(spec|test).?(c|m)[jt]s?(x)"
        ],
        "timeout": 30000
      },
      {
        "outputDir": "D:/Sanity/fresh-react-node-project/test-results",
        "repeatEach": 1,
        "retries": 0,
        "metadata": {
          "actualWorkers": 1
        },
        "id": "webkit",
        "name": "webkit",
        "testDir": "D:/Sanity/fresh-react-node-project",
        "testIgnore": [],
        "testMatch": [
          "**/*.@(spec|test).?(c|m)[jt]s?(x)"
        ],
        "timeout": 30000
      }
    ],
    "shard": null,
    "tags": [],
    "updateSnapshots": "missing",
    "updateSourceMethod": "patch",
    "version": "1.57.0",
    "workers": 6,
    "webServer": null
  },
  "suites": [
    {
      "title": "tests\\sanity_accionprod.spec.mjs",
      "file": "tests/sanity_accionprod.spec.mjs",
      "column": 0,
      "line": 0,
      "specs": [],
      "suites": [
        {
          "title": "Sanity Suite",
          "file": "tests/sanity_accionprod.spec.mjs",
          "line": 3,
          "column": 6,
          "specs": [
            {
              "title": "@sanity Accion Connect Prod dashboard Launched",
              "ok": true,
              "tags": [
                "sanity"
              ],
              "tests": [
                {
                  "timeout": 30000,
                  "annotations": [],
                  "expectedStatus": "passed",
                  "projectId": "chromium",
                  "projectName": "chromium",
                  "results": [
                    {
                      "workerIndex": 0,
                      "parallelIndex": 0,
                      "status": "passed",
                      "duration": 5238,
                      "errors": [],
                      "stdout": [
                        {
                          "text": "Page title after execution: AccionConnect\n"
                        }
                      ],
                      "stderr": [],
                      "retry": 0,
                      "startTime": "2026-01-05T07:31:42.929Z",
                      "annotations": [],
                      "attachments": []
                    }
                  ],
                  "status": "expected"
                }
              ],
              "id": "be35e851508100ac3871-aa8665ce1493cedf349d",
              "file": "tests/sanity_accionprod.spec.mjs",
              "line": 8,
              "column": 3
            }
          ]
        }
      ]
    }
  ],
  "errors": [],
  "stats": {
    "startTime": "2026-01-05T07:31:40.955Z",
    "duration": 7975.56,
    "expected": 1,
    "skipped": 0,
    "unexpected": 0,
    "flaky": 0
  }
}
